
Memory Configuration

Name             Origin             Length             Attributes
FLASH            0x0000000008000000 0x0000000000080000 xr
SRAM             0x0000000020000000 0x0000000000010000 xrw
*default*        0x0000000000000000 0xffffffffffffffff

Linker script and memory map

LOAD main.o
LOAD stm32f303xx_gpio.o
LOAD stm32f303_startup.o

.isr_vector     0x0000000008000000      0x1b8
 *(.isr_vector)
 .isr_vector    0x0000000008000000      0x1b8 stm32f303_startup.o
                0x0000000008000000                vectors

.text           0x00000000080001b8      0xa30
                0x00000000080001b8                . = ALIGN (0x4)
 *(.text)
 .text          0x00000000080001b8       0xd4 main.o
                0x00000000080001b8                delay
                0x00000000080001da                GPIO_setup
                0x0000000008000240                main
 .text          0x000000000800028c      0x8d0 stm32f303xx_gpio.o
                0x000000000800028c                GPIO_ClkCtrl
                0x000000000800042c                GPIO_DeInit
                0x0000000008000578                GPIO_ReadPin
                0x00000000080005a0                GPIO_ReadPort
                0x00000000080005b8                GPIO_WritePin
                0x0000000008000606                GPIO_WritePort
                0x0000000008000622                GPIO_TogglePin
                0x000000000800064a                GPIO_NVIC_IRQ_Enable
                0x00000000080006f4                GPIO_NVIC_IRQ_Disable
                0x00000000080007a0                GPIO_NVIC_Priority
                0x0000000008000800                GPIO_IRQHandler
                0x0000000008000840                GPIO_Init
 .text          0x0000000008000b5c       0x8c stm32f303_startup.o
                0x0000000008000b5c                RTC_WKUP_Handler
                0x0000000008000b5c                FLASH_Handler
                0x0000000008000b5c                SVCall_Handler
                0x0000000008000b5c                HardFault_Handler
                0x0000000008000b5c                SysTick_Handler
                0x0000000008000b5c                USART3_Handler
                0x0000000008000b5c                DMA1_Channel7_Handler
                0x0000000008000b5c                COMP4_5_6_Handler
                0x0000000008000b5c                PendSV_Handler
                0x0000000008000b5c                NMI_Handler
                0x0000000008000b5c                USB_HP_Handler
                0x0000000008000b5c                DMA1_Channel6_Handler
                0x0000000008000b5c                DMA2_Channel5_Handler
                0x0000000008000b5c                TIM6_DAC_Handler
                0x0000000008000b5c                EXTI15_10_Handler
                0x0000000008000b5c                DMA2_Channel1_Handler
                0x0000000008000b5c                I2C1_EV_Handler
                0x0000000008000b5c                ADC1_2_Handler
                0x0000000008000b5c                I2C3_ER_Handler
                0x0000000008000b5c                WWDG_Handler
                0x0000000008000b5c                EXTI4_Handler
                0x0000000008000b5c                I2C3_EV_Handler
                0x0000000008000b5c                DMA2_Channel4_Handler
                0x0000000008000b5c                DMA1_Channel1_Handler
                0x0000000008000b5c                I2C1_ER_Handler
                0x0000000008000b5c                UsageFault_Handler
                0x0000000008000b5c                TIM1_CC_Handler
                0x0000000008000b5c                I2C2_ER_Handler
                0x0000000008000b5c                TIM8_CC_Handler
                0x0000000008000b5c                TIM8_BRK_Handler
                0x0000000008000b5c                USB_HP_CAN_TX_Handler
                0x0000000008000b5c                CAN_RX1_Handler
                0x0000000008000b5c                TIM1_BRK_Handler
                0x0000000008000b5c                EXTI1_Handler
                0x0000000008000b5c                FMC_Handler
                0x0000000008000b5c                TIM8_TRG_COM_Handler
                0x0000000008000b5c                EXTI3_Handler
                0x0000000008000b5c                USB_LP_CAN_RX0_Handler
                0x0000000008000b5c                TIM20_UP_Handler
                0x0000000008000b5c                TIM20_TRG_COM_Handler
                0x0000000008000b5c                UART4_Handler
                0x0000000008000b5c                EXTI9_5_Handler
                0x0000000008000b5c                COMP7_Handler
                0x0000000008000b5c                TIM2_Handler
                0x0000000008000b5c                USART1_Handler
                0x0000000008000b5c                DMA1_Channel4_Handler
                0x0000000008000b5c                TIM3_Handler
                0x0000000008000b5c                CAN_SCE_Handler
                0x0000000008000b5c                Default_Handler
                0x0000000008000b5c                USBWakeUp_Handler
                0x0000000008000b5c                DMA1_Channel3_Handler
                0x0000000008000b5c                TAMPER_STAMP_Handler
                0x0000000008000b5c                RTC_Alarm_Handler
                0x0000000008000b5c                TIM4_Handler
                0x0000000008000b5c                SPI2_Handler
                0x0000000008000b5c                COMP1_2_3_Handler
                0x0000000008000b5c                DMA1_Channel2_Handler
                0x0000000008000b5c                MemManage_Handler
                0x0000000008000b5c                EXTI0_Handler
                0x0000000008000b5c                TIM1_UP_Handler
                0x0000000008000b5c                TIM8_UP_Handler
                0x0000000008000b5c                DMA1_Channel5_Handler
                0x0000000008000b5c                USART2_Handler
                0x0000000008000b5c                SPI1_Handler
                0x0000000008000b5c                TIM20_CC_Handler
                0x0000000008000b5c                TIM20_BRK_Handler
                0x0000000008000b5c                ADC3_Handler
                0x0000000008000b5c                I2C2_EV_Handler
                0x0000000008000b5c                SPI3_Handler
                0x0000000008000b5c                DMA2_Channel3_Handler
                0x0000000008000b5c                RCC_Handler
                0x0000000008000b5c                PVD_Handler
                0x0000000008000b5c                UART5_Handler
                0x0000000008000b5c                DMA2_Channel2_Handler
                0x0000000008000b5c                TIM7_Handler
                0x0000000008000b5c                USB_WakeUp_RMP_Handler
                0x0000000008000b5c                USB_LP_Handler
                0x0000000008000b5c                FPU_Handler
                0x0000000008000b5c                ADC4_Handler
                0x0000000008000b5c                BusFault_Handler
                0x0000000008000b5c                TIM1_TRG_COM_Handler
                0x0000000008000b5c                EXTI2_TS_Handler
                0x0000000008000b5c                SPI4_Handler
                0x0000000008000b62                Reset_Handler
 *(.rodata)
                0x0000000008000be8                . = ALIGN (0x4)
                0x0000000008000be8                _etext = .

.glue_7         0x0000000008000be8        0x0
 .glue_7        0x0000000008000be8        0x0 linker stubs

.glue_7t        0x0000000008000be8        0x0
 .glue_7t       0x0000000008000be8        0x0 linker stubs

.vfp11_veneer   0x0000000008000be8        0x0
 .vfp11_veneer  0x0000000008000be8        0x0 linker stubs

.v4_bx          0x0000000008000be8        0x0
 .v4_bx         0x0000000008000be8        0x0 linker stubs

.iplt           0x0000000008000be8        0x0
 .iplt          0x0000000008000be8        0x0 main.o

.rel.dyn        0x0000000008000be8        0x0
 .rel.iplt      0x0000000008000be8        0x0 main.o

.data           0x0000000020000000        0x0 load address 0x0000000008000be8
                0x0000000020000000                . = ALIGN (0x4)
                0x0000000020000000                _sdata = .
 *(.data)
 .data          0x0000000020000000        0x0 main.o
 .data          0x0000000020000000        0x0 stm32f303xx_gpio.o
 .data          0x0000000020000000        0x0 stm32f303_startup.o
                0x0000000020000000                . = ALIGN (0x4)
                0x0000000020000000                _edata = .

.igot.plt       0x0000000020000000        0x0 load address 0x0000000008000be8
 .igot.plt      0x0000000020000000        0x0 main.o

.bss            0x0000000020000000       0x18 load address 0x0000000008000be8
                0x0000000020000000                . = ALIGN (0x4)
                0x0000000020000000                _sbss = .
 *(.bss)
 .bss           0x0000000020000000       0x18 main.o
                0x0000000020000000                LED
                0x000000002000000c                Button
 .bss           0x0000000020000018        0x0 stm32f303xx_gpio.o
 .bss           0x0000000020000018        0x0 stm32f303_startup.o
                0x0000000020000018                . = ALIGN (0x4)
                0x0000000020000018                _ebss = .
OUTPUT(final.elf elf32-littlearm)
LOAD linker stubs

.comment        0x0000000000000000       0x49
 .comment       0x0000000000000000       0x49 main.o
                                         0x4a (size before relaxing)
 .comment       0x0000000000000049       0x4a stm32f303xx_gpio.o
 .comment       0x0000000000000049       0x4a stm32f303_startup.o

.ARM.attributes
                0x0000000000000000       0x2e
 .ARM.attributes
                0x0000000000000000       0x2e main.o
 .ARM.attributes
                0x000000000000002e       0x2e stm32f303xx_gpio.o
 .ARM.attributes
                0x000000000000005c       0x2e stm32f303_startup.o
